break;
continue;

mat = [
    [1, 2],
    [3, 4, 5]
];

for i = 1:10 {
    print i;

    {
        if (i == 8) {
            break;
        }
    }

    if (i == 5) {
        mat = 500.0;
        continue;
    }
}

mat[1, 2, 3] = unknown_var;
